[2025-11-11 13:39:52,905] multiqc                                            [DEBUG  ]  This is MultiQC v1.12
[2025-11-11 13:39:52,905] multiqc                                            [DEBUG  ]  No MultiQC config found: /home/sourav-roy/miniconda3/envs/variant-analysis-pipeline/lib/python3.12/site-packages/multiqc_config.yaml
[2025-11-11 13:39:52,905] multiqc                                            [DEBUG  ]  No MultiQC config found: /home/sourav-roy/.multiqc_config.yaml
[2025-11-11 13:39:52,905] multiqc                                            [DEBUG  ]  No MultiQC config found: multiqc_config.yaml
[2025-11-11 13:39:52,905] multiqc                                            [DEBUG  ]  Command used: /home/sourav-roy/miniconda3/envs/variant-analysis-pipeline/bin/multiqc ../../reports/alignment_stats --outdir ../../reports/alignment_stats --title Alignment QC Report --filename multiqc_alignment_report --force
[2025-11-11 13:39:53,218] multiqc                                            [WARNING]  MultiQC Version v1.32 now available!
[2025-11-11 13:39:53,218] multiqc                                            [DEBUG  ]  Command     : /home/sourav-roy/miniconda3/envs/variant-analysis-pipeline/bin/multiqc ../../reports/alignment_stats --outdir ../../reports/alignment_stats --title Alignment QC Report --filename multiqc_alignment_report --force
[2025-11-11 13:39:53,218] multiqc                                            [DEBUG  ]  Working dir : /home/sourav-roy/Desktop/portfolio-projects/variant_analysis_pipeline/src/pre-processing
[2025-11-11 13:39:53,218] multiqc                                            [DEBUG  ]  Template    : default
[2025-11-11 13:39:53,218] multiqc                                            [DEBUG  ]  Running Python 3.12.3 | packaged by conda-forge | (main, Apr 15 2024, 18:38:13) [GCC 12.3.0]
[2025-11-11 13:39:53,218] multiqc                                            [INFO   ]  Report title: Alignment QC Report
[2025-11-11 13:39:53,218] multiqc                                            [DEBUG  ]  Analysing modules: custom_content, ccs, ngsderive, purple, conpair, lima, peddy, somalier, methylQA, mosdepth, phantompeakqualtools, qualimap, preseq, quast, qorts, rna_seqc, rockhopper, rsem, rseqc, busco, bustools, goleft_indexcov, gffcompare, disambiguate, supernova, deeptools, sargasso, verifybamid, mirtrace, happy, mirtop, sambamba, homer, hops, macs2, theta2, snpeff, gatk, htseq, bcftools, featureCounts, fgbio, dragen, dedup, pbmarkdup, damageprofiler, biobambam2, jcvi, mtnucratio, picard, vep, sentieon, prokka, qc3C, nanostat, samblaster, samtools, sexdeterrmine, eigenstratdatabasetools, bamtools, jellyfish, vcftools, longranger, stacks, varscan2, snippy, bbmap, bismark, biscuit, hicexplorer, hicup, hicpro, salmon, kallisto, slamdunk, star, hisat2, tophat, bowtie2, bowtie1, snpsplit, odgi, pangolin, kat, leehom, adapterRemoval, clipandmerge, cutadapt, flexbar, kaiju, kraken, malt, trimmomatic, sickle, skewer, sortmerna, biobloomtools, fastq_screen, afterqc, fastp, fastqc, pychopper, pycoqc, minionqc, multivcfanalyzer, clusterflow, checkqc, bcl2fastq, bclconvert, interop, ivar, flash, seqyclean, optitype, whatshap
[2025-11-11 13:39:53,218] multiqc                                            [DEBUG  ]  Using temporary directory for creating report: /tmp/tmpiyeza20k
[2025-11-11 13:39:53,255] multiqc                                            [INFO   ]  Search path : /home/sourav-roy/Desktop/portfolio-projects/variant_analysis_pipeline/reports/alignment_stats
[2025-11-11 13:39:53,289] multiqc                                            [DEBUG  ]  File ignored by ccs/v4 because it exceeded search pattern filesize limit: SRR6728146_stats.txt
[2025-11-11 13:39:53,289] multiqc                                            [DEBUG  ]  File ignored by hicexplorer because it exceeded search pattern filesize limit: SRR6728146_stats.txt
[2025-11-11 13:39:53,289] multiqc                                            [DEBUG  ]  File ignored by lima/summary because it exceeded search pattern filesize limit: SRR6728146_stats.txt
[2025-11-11 13:39:53,290] multiqc                                            [DEBUG  ]  File ignored by vep/vep_txt because it exceeded search pattern filesize limit: SRR6728146_stats.txt
[2025-11-11 13:39:53,290] multiqc                                            [DEBUG  ]  File ignored by longranger/invocation because it exceeded search pattern filesize limit: SRR6728146_stats.txt
[2025-11-11 13:39:53,318] multiqc                                            [DEBUG  ]  File ignored by nanostat because it exceeded search pattern filesize limit: SRR6728146_stats.txt
[2025-11-11 13:39:53,321] multiqc                                            [DEBUG  ]  File ignored by ccs/v4 because it exceeded search pattern filesize limit: SRR6728145_stats.txt
[2025-11-11 13:39:53,321] multiqc                                            [DEBUG  ]  File ignored by hicexplorer because it exceeded search pattern filesize limit: SRR6728145_stats.txt
[2025-11-11 13:39:53,321] multiqc                                            [DEBUG  ]  File ignored by lima/summary because it exceeded search pattern filesize limit: SRR6728145_stats.txt
[2025-11-11 13:39:53,322] multiqc                                            [DEBUG  ]  File ignored by vep/vep_txt because it exceeded search pattern filesize limit: SRR6728145_stats.txt
[2025-11-11 13:39:53,322] multiqc                                            [DEBUG  ]  File ignored by longranger/invocation because it exceeded search pattern filesize limit: SRR6728145_stats.txt
[2025-11-11 13:39:53,350] multiqc                                            [DEBUG  ]  File ignored by nanostat because it exceeded search pattern filesize limit: SRR6728145_stats.txt
[2025-11-11 13:39:53,357] multiqc                                            [DEBUG  ]  File ignored by ccs/v4 because it exceeded search pattern filesize limit: SRR6728148_stats.txt
[2025-11-11 13:39:53,357] multiqc                                            [DEBUG  ]  File ignored by hicexplorer because it exceeded search pattern filesize limit: SRR6728148_stats.txt
[2025-11-11 13:39:53,358] multiqc                                            [DEBUG  ]  File ignored by lima/summary because it exceeded search pattern filesize limit: SRR6728148_stats.txt
[2025-11-11 13:39:53,360] multiqc                                            [DEBUG  ]  File ignored by vep/vep_txt because it exceeded search pattern filesize limit: SRR6728148_stats.txt
[2025-11-11 13:39:53,360] multiqc                                            [DEBUG  ]  File ignored by longranger/invocation because it exceeded search pattern filesize limit: SRR6728148_stats.txt
[2025-11-11 13:39:53,392] multiqc                                            [DEBUG  ]  File ignored by nanostat because it exceeded search pattern filesize limit: SRR6728148_stats.txt
[2025-11-11 13:39:53,395] multiqc                                            [DEBUG  ]  File ignored by ccs/v4 because it exceeded search pattern filesize limit: SRR6728143_stats.txt
[2025-11-11 13:39:53,396] multiqc                                            [DEBUG  ]  File ignored by hicexplorer because it exceeded search pattern filesize limit: SRR6728143_stats.txt
[2025-11-11 13:39:53,396] multiqc                                            [DEBUG  ]  File ignored by lima/summary because it exceeded search pattern filesize limit: SRR6728143_stats.txt
[2025-11-11 13:39:53,396] multiqc                                            [DEBUG  ]  File ignored by vep/vep_txt because it exceeded search pattern filesize limit: SRR6728143_stats.txt
[2025-11-11 13:39:53,396] multiqc                                            [DEBUG  ]  File ignored by longranger/invocation because it exceeded search pattern filesize limit: SRR6728143_stats.txt
[2025-11-11 13:39:53,424] multiqc                                            [DEBUG  ]  File ignored by nanostat because it exceeded search pattern filesize limit: SRR6728143_stats.txt
[2025-11-11 13:39:53,427] multiqc                                            [DEBUG  ]  File ignored by ccs/v4 because it exceeded search pattern filesize limit: SRR6728147_stats.txt
[2025-11-11 13:39:53,427] multiqc                                            [DEBUG  ]  File ignored by hicexplorer because it exceeded search pattern filesize limit: SRR6728147_stats.txt
[2025-11-11 13:39:53,427] multiqc                                            [DEBUG  ]  File ignored by lima/summary because it exceeded search pattern filesize limit: SRR6728147_stats.txt
[2025-11-11 13:39:53,428] multiqc                                            [DEBUG  ]  File ignored by vep/vep_txt because it exceeded search pattern filesize limit: SRR6728147_stats.txt
[2025-11-11 13:39:53,428] multiqc                                            [DEBUG  ]  File ignored by longranger/invocation because it exceeded search pattern filesize limit: SRR6728147_stats.txt
[2025-11-11 13:39:53,455] multiqc                                            [DEBUG  ]  File ignored by nanostat because it exceeded search pattern filesize limit: SRR6728147_stats.txt
[2025-11-11 13:39:53,464] multiqc                                            [DEBUG  ]  File ignored by ccs/v4 because it exceeded search pattern filesize limit: SRR6728144_stats.txt
[2025-11-11 13:39:53,464] multiqc                                            [DEBUG  ]  File ignored by hicexplorer because it exceeded search pattern filesize limit: SRR6728144_stats.txt
[2025-11-11 13:39:53,464] multiqc                                            [DEBUG  ]  File ignored by lima/summary because it exceeded search pattern filesize limit: SRR6728144_stats.txt
[2025-11-11 13:39:53,465] multiqc                                            [DEBUG  ]  File ignored by vep/vep_txt because it exceeded search pattern filesize limit: SRR6728144_stats.txt
[2025-11-11 13:39:53,465] multiqc                                            [DEBUG  ]  File ignored by longranger/invocation because it exceeded search pattern filesize limit: SRR6728144_stats.txt
[2025-11-11 13:39:53,497] multiqc                                            [DEBUG  ]  File ignored by nanostat because it exceeded search pattern filesize limit: SRR6728144_stats.txt
[2025-11-11 13:39:54,332] multiqc.plots.bargraph                             [DEBUG  ]  Using matplotlib version 3.10.1
[2025-11-11 13:39:54,354] multiqc.plots.linegraph                            [DEBUG  ]  Using matplotlib version 3.10.1
[2025-11-11 13:39:54,369] multiqc.modules.samtools.samtools                  [INFO   ]  Found 6 stats reports
[2025-11-11 13:39:54,372] multiqc.modules.samtools.samtools                  [INFO   ]  Found 6 flagstat reports
[2025-11-11 13:39:54,375] multiqc.modules.samtools.samtools                  [INFO   ]  Found 6 idxstats reports
[2025-11-11 13:39:54,382] multiqc                                            [INFO   ]  Compressing plot data
[2025-11-11 13:39:54,395] multiqc                                            [INFO   ]  Report      : ../../reports/alignment_stats/multiqc_alignment_report.html
[2025-11-11 13:39:54,395] multiqc                                            [INFO   ]  Data        : ../../reports/alignment_stats/multiqc_alignment_report_data
[2025-11-11 13:39:54,395] multiqc                                            [DEBUG  ]  Moving data file from '/tmp/tmpiyeza20k/multiqc_data' to '../../reports/alignment_stats/multiqc_alignment_report_data'
[2025-11-11 13:39:54,447] multiqc                                            [INFO   ]  MultiQC complete
