[2025-11-11 13:38:16,703] multiqc                                            [DEBUG  ]  This is MultiQC v1.12
[2025-11-11 13:38:16,704] multiqc                                            [DEBUG  ]  No MultiQC config found: /home/sourav-roy/miniconda3/envs/variant-analysis-pipeline/lib/python3.12/site-packages/multiqc_config.yaml
[2025-11-11 13:38:16,704] multiqc                                            [DEBUG  ]  No MultiQC config found: /home/sourav-roy/.multiqc_config.yaml
[2025-11-11 13:38:16,704] multiqc                                            [DEBUG  ]  No MultiQC config found: multiqc_config.yaml
[2025-11-11 13:38:16,704] multiqc                                            [DEBUG  ]  Command used: /home/sourav-roy/miniconda3/envs/variant-analysis-pipeline/bin/multiqc ../../reports/fastqc_trimmed --outdir ../../reports/fastqc_trimmed --title Post-Trimming QC Report --filename multiqc_trimmed_report --force
[2025-11-11 13:38:17,311] multiqc                                            [WARNING]  MultiQC Version v1.32 now available!
[2025-11-11 13:38:17,311] multiqc                                            [DEBUG  ]  Command     : /home/sourav-roy/miniconda3/envs/variant-analysis-pipeline/bin/multiqc ../../reports/fastqc_trimmed --outdir ../../reports/fastqc_trimmed --title Post-Trimming QC Report --filename multiqc_trimmed_report --force
[2025-11-11 13:38:17,311] multiqc                                            [DEBUG  ]  Working dir : /home/sourav-roy/Desktop/portfolio-projects/variant_analysis_pipeline/src/pre-processing
[2025-11-11 13:38:17,311] multiqc                                            [DEBUG  ]  Template    : default
[2025-11-11 13:38:17,311] multiqc                                            [DEBUG  ]  Running Python 3.12.3 | packaged by conda-forge | (main, Apr 15 2024, 18:38:13) [GCC 12.3.0]
[2025-11-11 13:38:17,311] multiqc                                            [INFO   ]  Report title: Post-Trimming QC Report
[2025-11-11 13:38:17,311] multiqc                                            [DEBUG  ]  Analysing modules: custom_content, ccs, ngsderive, purple, conpair, lima, peddy, somalier, methylQA, mosdepth, phantompeakqualtools, qualimap, preseq, quast, qorts, rna_seqc, rockhopper, rsem, rseqc, busco, bustools, goleft_indexcov, gffcompare, disambiguate, supernova, deeptools, sargasso, verifybamid, mirtrace, happy, mirtop, sambamba, homer, hops, macs2, theta2, snpeff, gatk, htseq, bcftools, featureCounts, fgbio, dragen, dedup, pbmarkdup, damageprofiler, biobambam2, jcvi, mtnucratio, picard, vep, sentieon, prokka, qc3C, nanostat, samblaster, samtools, sexdeterrmine, eigenstratdatabasetools, bamtools, jellyfish, vcftools, longranger, stacks, varscan2, snippy, bbmap, bismark, biscuit, hicexplorer, hicup, hicpro, salmon, kallisto, slamdunk, star, hisat2, tophat, bowtie2, bowtie1, snpsplit, odgi, pangolin, kat, leehom, adapterRemoval, clipandmerge, cutadapt, flexbar, kaiju, kraken, malt, trimmomatic, sickle, skewer, sortmerna, biobloomtools, fastq_screen, afterqc, fastp, fastqc, pychopper, pycoqc, minionqc, multivcfanalyzer, clusterflow, checkqc, bcl2fastq, bclconvert, interop, ivar, flash, seqyclean, optitype, whatshap
[2025-11-11 13:38:17,312] multiqc                                            [DEBUG  ]  Using temporary directory for creating report: /tmp/tmpjrrxdzkq
[2025-11-11 13:38:17,749] multiqc                                            [INFO   ]  Search path : /home/sourav-roy/Desktop/portfolio-projects/variant_analysis_pipeline/reports/fastqc_trimmed
[2025-11-11 13:38:17,768] multiqc                                            [DEBUG  ]  File ignored by ccs/v4 because it exceeded search pattern filesize limit: SRR6728147_1_paired_fastqc.html
[2025-11-11 13:38:17,769] multiqc                                            [DEBUG  ]  File ignored by hicexplorer because it exceeded search pattern filesize limit: SRR6728147_1_paired_fastqc.html
[2025-11-11 13:38:17,769] multiqc                                            [DEBUG  ]  File ignored by lima/summary because it exceeded search pattern filesize limit: SRR6728147_1_paired_fastqc.html
[2025-11-11 13:38:17,771] multiqc                                            [DEBUG  ]  File ignored by vep/vep_txt because it exceeded search pattern filesize limit: SRR6728147_1_paired_fastqc.html
[2025-11-11 13:38:17,771] multiqc                                            [DEBUG  ]  File ignored by longranger/invocation because it exceeded search pattern filesize limit: SRR6728147_1_paired_fastqc.html
[2025-11-11 13:38:17,789] multiqc                                            [DEBUG  ]  File ignored by nanostat because it exceeded search pattern filesize limit: SRR6728147_1_paired_fastqc.html
[2025-11-11 13:38:17,793] multiqc                                            [DEBUG  ]  File ignored by ccs/v4 because it exceeded search pattern filesize limit: SRR6728148_1_unpaired_fastqc.html
[2025-11-11 13:38:17,793] multiqc                                            [DEBUG  ]  File ignored by hicexplorer because it exceeded search pattern filesize limit: SRR6728148_1_unpaired_fastqc.html
[2025-11-11 13:38:17,793] multiqc                                            [DEBUG  ]  File ignored by lima/summary because it exceeded search pattern filesize limit: SRR6728148_1_unpaired_fastqc.html
[2025-11-11 13:38:17,794] multiqc                                            [DEBUG  ]  File ignored by vep/vep_txt because it exceeded search pattern filesize limit: SRR6728148_1_unpaired_fastqc.html
[2025-11-11 13:38:17,794] multiqc                                            [DEBUG  ]  File ignored by longranger/invocation because it exceeded search pattern filesize limit: SRR6728148_1_unpaired_fastqc.html
[2025-11-11 13:38:17,811] multiqc                                            [DEBUG  ]  File ignored by nanostat because it exceeded search pattern filesize limit: SRR6728148_1_unpaired_fastqc.html
[2025-11-11 13:38:17,855] multiqc                                            [DEBUG  ]  File ignored by ccs/v4 because it exceeded search pattern filesize limit: SRR6728146_1_unpaired_fastqc.html
[2025-11-11 13:38:17,856] multiqc                                            [DEBUG  ]  File ignored by hicexplorer because it exceeded search pattern filesize limit: SRR6728146_1_unpaired_fastqc.html
[2025-11-11 13:38:17,856] multiqc                                            [DEBUG  ]  File ignored by lima/summary because it exceeded search pattern filesize limit: SRR6728146_1_unpaired_fastqc.html
[2025-11-11 13:38:17,857] multiqc                                            [DEBUG  ]  File ignored by vep/vep_txt because it exceeded search pattern filesize limit: SRR6728146_1_unpaired_fastqc.html
[2025-11-11 13:38:17,857] multiqc                                            [DEBUG  ]  File ignored by longranger/invocation because it exceeded search pattern filesize limit: SRR6728146_1_unpaired_fastqc.html
[2025-11-11 13:38:17,879] multiqc                                            [DEBUG  ]  File ignored by nanostat because it exceeded search pattern filesize limit: SRR6728146_1_unpaired_fastqc.html
[2025-11-11 13:38:17,885] multiqc                                            [DEBUG  ]  File ignored by ccs/v4 because it exceeded search pattern filesize limit: SRR6728143_2_paired_fastqc.html
[2025-11-11 13:38:17,886] multiqc                                            [DEBUG  ]  File ignored by hicexplorer because it exceeded search pattern filesize limit: SRR6728143_2_paired_fastqc.html
[2025-11-11 13:38:17,886] multiqc                                            [DEBUG  ]  File ignored by lima/summary because it exceeded search pattern filesize limit: SRR6728143_2_paired_fastqc.html
[2025-11-11 13:38:17,887] multiqc                                            [DEBUG  ]  File ignored by vep/vep_txt because it exceeded search pattern filesize limit: SRR6728143_2_paired_fastqc.html
[2025-11-11 13:38:17,887] multiqc                                            [DEBUG  ]  File ignored by longranger/invocation because it exceeded search pattern filesize limit: SRR6728143_2_paired_fastqc.html
[2025-11-11 13:38:17,908] multiqc                                            [DEBUG  ]  File ignored by nanostat because it exceeded search pattern filesize limit: SRR6728143_2_paired_fastqc.html
[2025-11-11 13:38:17,912] multiqc                                            [DEBUG  ]  File ignored by ccs/v4 because it exceeded search pattern filesize limit: SRR6728148_2_paired_fastqc.html
[2025-11-11 13:38:17,913] multiqc                                            [DEBUG  ]  File ignored by hicexplorer because it exceeded search pattern filesize limit: SRR6728148_2_paired_fastqc.html
[2025-11-11 13:38:17,913] multiqc                                            [DEBUG  ]  File ignored by lima/summary because it exceeded search pattern filesize limit: SRR6728148_2_paired_fastqc.html
[2025-11-11 13:38:17,915] multiqc                                            [DEBUG  ]  File ignored by vep/vep_txt because it exceeded search pattern filesize limit: SRR6728148_2_paired_fastqc.html
[2025-11-11 13:38:17,915] multiqc                                            [DEBUG  ]  File ignored by longranger/invocation because it exceeded search pattern filesize limit: SRR6728148_2_paired_fastqc.html
[2025-11-11 13:38:17,936] multiqc                                            [DEBUG  ]  File ignored by nanostat because it exceeded search pattern filesize limit: SRR6728148_2_paired_fastqc.html
[2025-11-11 13:38:17,959] multiqc                                            [DEBUG  ]  File ignored by ccs/v4 because it exceeded search pattern filesize limit: SRR6728144_2_unpaired_fastqc.html
[2025-11-11 13:38:17,960] multiqc                                            [DEBUG  ]  File ignored by hicexplorer because it exceeded search pattern filesize limit: SRR6728144_2_unpaired_fastqc.html
[2025-11-11 13:38:17,960] multiqc                                            [DEBUG  ]  File ignored by lima/summary because it exceeded search pattern filesize limit: SRR6728144_2_unpaired_fastqc.html
[2025-11-11 13:38:17,961] multiqc                                            [DEBUG  ]  File ignored by vep/vep_txt because it exceeded search pattern filesize limit: SRR6728144_2_unpaired_fastqc.html
[2025-11-11 13:38:17,961] multiqc                                            [DEBUG  ]  File ignored by longranger/invocation because it exceeded search pattern filesize limit: SRR6728144_2_unpaired_fastqc.html
[2025-11-11 13:38:17,981] multiqc                                            [DEBUG  ]  File ignored by nanostat because it exceeded search pattern filesize limit: SRR6728144_2_unpaired_fastqc.html
[2025-11-11 13:38:17,984] multiqc                                            [DEBUG  ]  File ignored by ccs/v4 because it exceeded search pattern filesize limit: SRR6728145_2_paired_fastqc.html
[2025-11-11 13:38:17,985] multiqc                                            [DEBUG  ]  File ignored by hicexplorer because it exceeded search pattern filesize limit: SRR6728145_2_paired_fastqc.html
[2025-11-11 13:38:17,985] multiqc                                            [DEBUG  ]  File ignored by lima/summary because it exceeded search pattern filesize limit: SRR6728145_2_paired_fastqc.html
[2025-11-11 13:38:17,986] multiqc                                            [DEBUG  ]  File ignored by vep/vep_txt because it exceeded search pattern filesize limit: SRR6728145_2_paired_fastqc.html
[2025-11-11 13:38:17,986] multiqc                                            [DEBUG  ]  File ignored by longranger/invocation because it exceeded search pattern filesize limit: SRR6728145_2_paired_fastqc.html
[2025-11-11 13:38:18,004] multiqc                                            [DEBUG  ]  File ignored by nanostat because it exceeded search pattern filesize limit: SRR6728145_2_paired_fastqc.html
[2025-11-11 13:38:18,007] multiqc                                            [DEBUG  ]  File ignored by ccs/v4 because it exceeded search pattern filesize limit: SRR6728145_1_paired_fastqc.html
[2025-11-11 13:38:18,007] multiqc                                            [DEBUG  ]  File ignored by hicexplorer because it exceeded search pattern filesize limit: SRR6728145_1_paired_fastqc.html
[2025-11-11 13:38:18,007] multiqc                                            [DEBUG  ]  File ignored by lima/summary because it exceeded search pattern filesize limit: SRR6728145_1_paired_fastqc.html
[2025-11-11 13:38:18,008] multiqc                                            [DEBUG  ]  File ignored by vep/vep_txt because it exceeded search pattern filesize limit: SRR6728145_1_paired_fastqc.html
[2025-11-11 13:38:18,009] multiqc                                            [DEBUG  ]  File ignored by longranger/invocation because it exceeded search pattern filesize limit: SRR6728145_1_paired_fastqc.html
[2025-11-11 13:38:18,026] multiqc                                            [DEBUG  ]  File ignored by nanostat because it exceeded search pattern filesize limit: SRR6728145_1_paired_fastqc.html
[2025-11-11 13:38:18,030] multiqc                                            [DEBUG  ]  File ignored by ccs/v4 because it exceeded search pattern filesize limit: SRR6728146_2_unpaired_fastqc.html
[2025-11-11 13:38:18,030] multiqc                                            [DEBUG  ]  File ignored by hicexplorer because it exceeded search pattern filesize limit: SRR6728146_2_unpaired_fastqc.html
[2025-11-11 13:38:18,030] multiqc                                            [DEBUG  ]  File ignored by lima/summary because it exceeded search pattern filesize limit: SRR6728146_2_unpaired_fastqc.html
[2025-11-11 13:38:18,032] multiqc                                            [DEBUG  ]  File ignored by vep/vep_txt because it exceeded search pattern filesize limit: SRR6728146_2_unpaired_fastqc.html
[2025-11-11 13:38:18,032] multiqc                                            [DEBUG  ]  File ignored by longranger/invocation because it exceeded search pattern filesize limit: SRR6728146_2_unpaired_fastqc.html
[2025-11-11 13:38:18,050] multiqc                                            [DEBUG  ]  File ignored by nanostat because it exceeded search pattern filesize limit: SRR6728146_2_unpaired_fastqc.html
[2025-11-11 13:38:18,053] multiqc                                            [DEBUG  ]  File ignored by ccs/v4 because it exceeded search pattern filesize limit: SRR6728146_2_paired_fastqc.html
[2025-11-11 13:38:18,054] multiqc                                            [DEBUG  ]  File ignored by hicexplorer because it exceeded search pattern filesize limit: SRR6728146_2_paired_fastqc.html
[2025-11-11 13:38:18,054] multiqc                                            [DEBUG  ]  File ignored by lima/summary because it exceeded search pattern filesize limit: SRR6728146_2_paired_fastqc.html
[2025-11-11 13:38:18,055] multiqc                                            [DEBUG  ]  File ignored by vep/vep_txt because it exceeded search pattern filesize limit: SRR6728146_2_paired_fastqc.html
[2025-11-11 13:38:18,055] multiqc                                            [DEBUG  ]  File ignored by longranger/invocation because it exceeded search pattern filesize limit: SRR6728146_2_paired_fastqc.html
[2025-11-11 13:38:18,075] multiqc                                            [DEBUG  ]  File ignored by nanostat because it exceeded search pattern filesize limit: SRR6728146_2_paired_fastqc.html
[2025-11-11 13:38:18,078] multiqc                                            [DEBUG  ]  File ignored by ccs/v4 because it exceeded search pattern filesize limit: SRR6728144_2_paired_fastqc.html
[2025-11-11 13:38:18,078] multiqc                                            [DEBUG  ]  File ignored by hicexplorer because it exceeded search pattern filesize limit: SRR6728144_2_paired_fastqc.html
[2025-11-11 13:38:18,079] multiqc                                            [DEBUG  ]  File ignored by lima/summary because it exceeded search pattern filesize limit: SRR6728144_2_paired_fastqc.html
[2025-11-11 13:38:18,080] multiqc                                            [DEBUG  ]  File ignored by vep/vep_txt because it exceeded search pattern filesize limit: SRR6728144_2_paired_fastqc.html
[2025-11-11 13:38:18,080] multiqc                                            [DEBUG  ]  File ignored by longranger/invocation because it exceeded search pattern filesize limit: SRR6728144_2_paired_fastqc.html
[2025-11-11 13:38:18,098] multiqc                                            [DEBUG  ]  File ignored by nanostat because it exceeded search pattern filesize limit: SRR6728144_2_paired_fastqc.html
[2025-11-11 13:38:18,100] multiqc                                            [DEBUG  ]  File ignored by ccs/v4 because it exceeded search pattern filesize limit: SRR6728146_1_paired_fastqc.html
[2025-11-11 13:38:18,101] multiqc                                            [DEBUG  ]  File ignored by hicexplorer because it exceeded search pattern filesize limit: SRR6728146_1_paired_fastqc.html
[2025-11-11 13:38:18,101] multiqc                                            [DEBUG  ]  File ignored by lima/summary because it exceeded search pattern filesize limit: SRR6728146_1_paired_fastqc.html
[2025-11-11 13:38:18,102] multiqc                                            [DEBUG  ]  File ignored by vep/vep_txt because it exceeded search pattern filesize limit: SRR6728146_1_paired_fastqc.html
[2025-11-11 13:38:18,102] multiqc                                            [DEBUG  ]  File ignored by longranger/invocation because it exceeded search pattern filesize limit: SRR6728146_1_paired_fastqc.html
[2025-11-11 13:38:18,120] multiqc                                            [DEBUG  ]  File ignored by nanostat because it exceeded search pattern filesize limit: SRR6728146_1_paired_fastqc.html
[2025-11-11 13:38:18,123] multiqc                                            [DEBUG  ]  File ignored by ccs/v4 because it exceeded search pattern filesize limit: SRR6728147_2_unpaired_fastqc.html
[2025-11-11 13:38:18,124] multiqc                                            [DEBUG  ]  File ignored by hicexplorer because it exceeded search pattern filesize limit: SRR6728147_2_unpaired_fastqc.html
[2025-11-11 13:38:18,124] multiqc                                            [DEBUG  ]  File ignored by lima/summary because it exceeded search pattern filesize limit: SRR6728147_2_unpaired_fastqc.html
[2025-11-11 13:38:18,125] multiqc                                            [DEBUG  ]  File ignored by vep/vep_txt because it exceeded search pattern filesize limit: SRR6728147_2_unpaired_fastqc.html
[2025-11-11 13:38:18,125] multiqc                                            [DEBUG  ]  File ignored by longranger/invocation because it exceeded search pattern filesize limit: SRR6728147_2_unpaired_fastqc.html
[2025-11-11 13:38:18,143] multiqc                                            [DEBUG  ]  File ignored by nanostat because it exceeded search pattern filesize limit: SRR6728147_2_unpaired_fastqc.html
[2025-11-11 13:38:18,148] multiqc                                            [DEBUG  ]  File ignored by ccs/v4 because it exceeded search pattern filesize limit: SRR6728143_1_unpaired_fastqc.html
[2025-11-11 13:38:18,149] multiqc                                            [DEBUG  ]  File ignored by hicexplorer because it exceeded search pattern filesize limit: SRR6728143_1_unpaired_fastqc.html
[2025-11-11 13:38:18,149] multiqc                                            [DEBUG  ]  File ignored by lima/summary because it exceeded search pattern filesize limit: SRR6728143_1_unpaired_fastqc.html
[2025-11-11 13:38:18,150] multiqc                                            [DEBUG  ]  File ignored by vep/vep_txt because it exceeded search pattern filesize limit: SRR6728143_1_unpaired_fastqc.html
[2025-11-11 13:38:18,150] multiqc                                            [DEBUG  ]  File ignored by longranger/invocation because it exceeded search pattern filesize limit: SRR6728143_1_unpaired_fastqc.html
[2025-11-11 13:38:18,170] multiqc                                            [DEBUG  ]  File ignored by nanostat because it exceeded search pattern filesize limit: SRR6728143_1_unpaired_fastqc.html
[2025-11-11 13:38:18,174] multiqc                                            [DEBUG  ]  File ignored by ccs/v4 because it exceeded search pattern filesize limit: SRR6728148_2_unpaired_fastqc.html
[2025-11-11 13:38:18,174] multiqc                                            [DEBUG  ]  File ignored by hicexplorer because it exceeded search pattern filesize limit: SRR6728148_2_unpaired_fastqc.html
[2025-11-11 13:38:18,174] multiqc                                            [DEBUG  ]  File ignored by lima/summary because it exceeded search pattern filesize limit: SRR6728148_2_unpaired_fastqc.html
[2025-11-11 13:38:18,176] multiqc                                            [DEBUG  ]  File ignored by vep/vep_txt because it exceeded search pattern filesize limit: SRR6728148_2_unpaired_fastqc.html
[2025-11-11 13:38:18,176] multiqc                                            [DEBUG  ]  File ignored by longranger/invocation because it exceeded search pattern filesize limit: SRR6728148_2_unpaired_fastqc.html
[2025-11-11 13:38:18,194] multiqc                                            [DEBUG  ]  File ignored by nanostat because it exceeded search pattern filesize limit: SRR6728148_2_unpaired_fastqc.html
[2025-11-11 13:38:18,197] multiqc                                            [DEBUG  ]  File ignored by ccs/v4 because it exceeded search pattern filesize limit: SRR6728144_1_paired_fastqc.html
[2025-11-11 13:38:18,198] multiqc                                            [DEBUG  ]  File ignored by hicexplorer because it exceeded search pattern filesize limit: SRR6728144_1_paired_fastqc.html
[2025-11-11 13:38:18,198] multiqc                                            [DEBUG  ]  File ignored by lima/summary because it exceeded search pattern filesize limit: SRR6728144_1_paired_fastqc.html
[2025-11-11 13:38:18,199] multiqc                                            [DEBUG  ]  File ignored by vep/vep_txt because it exceeded search pattern filesize limit: SRR6728144_1_paired_fastqc.html
[2025-11-11 13:38:18,199] multiqc                                            [DEBUG  ]  File ignored by longranger/invocation because it exceeded search pattern filesize limit: SRR6728144_1_paired_fastqc.html
[2025-11-11 13:38:18,217] multiqc                                            [DEBUG  ]  File ignored by nanostat because it exceeded search pattern filesize limit: SRR6728144_1_paired_fastqc.html
[2025-11-11 13:38:18,220] multiqc                                            [DEBUG  ]  File ignored by ccs/v4 because it exceeded search pattern filesize limit: SRR6728148_1_paired_fastqc.html
[2025-11-11 13:38:18,221] multiqc                                            [DEBUG  ]  File ignored by hicexplorer because it exceeded search pattern filesize limit: SRR6728148_1_paired_fastqc.html
[2025-11-11 13:38:18,221] multiqc                                            [DEBUG  ]  File ignored by lima/summary because it exceeded search pattern filesize limit: SRR6728148_1_paired_fastqc.html
[2025-11-11 13:38:18,222] multiqc                                            [DEBUG  ]  File ignored by vep/vep_txt because it exceeded search pattern filesize limit: SRR6728148_1_paired_fastqc.html
[2025-11-11 13:38:18,222] multiqc                                            [DEBUG  ]  File ignored by longranger/invocation because it exceeded search pattern filesize limit: SRR6728148_1_paired_fastqc.html
[2025-11-11 13:38:18,240] multiqc                                            [DEBUG  ]  File ignored by nanostat because it exceeded search pattern filesize limit: SRR6728148_1_paired_fastqc.html
[2025-11-11 13:38:18,245] multiqc                                            [DEBUG  ]  File ignored by ccs/v4 because it exceeded search pattern filesize limit: SRR6728143_2_unpaired_fastqc.html
[2025-11-11 13:38:18,245] multiqc                                            [DEBUG  ]  File ignored by hicexplorer because it exceeded search pattern filesize limit: SRR6728143_2_unpaired_fastqc.html
[2025-11-11 13:38:18,246] multiqc                                            [DEBUG  ]  File ignored by lima/summary because it exceeded search pattern filesize limit: SRR6728143_2_unpaired_fastqc.html
[2025-11-11 13:38:18,247] multiqc                                            [DEBUG  ]  File ignored by vep/vep_txt because it exceeded search pattern filesize limit: SRR6728143_2_unpaired_fastqc.html
[2025-11-11 13:38:18,247] multiqc                                            [DEBUG  ]  File ignored by longranger/invocation because it exceeded search pattern filesize limit: SRR6728143_2_unpaired_fastqc.html
[2025-11-11 13:38:18,267] multiqc                                            [DEBUG  ]  File ignored by nanostat because it exceeded search pattern filesize limit: SRR6728143_2_unpaired_fastqc.html
[2025-11-11 13:38:18,270] multiqc                                            [DEBUG  ]  File ignored by ccs/v4 because it exceeded search pattern filesize limit: SRR6728147_2_paired_fastqc.html
[2025-11-11 13:38:18,271] multiqc                                            [DEBUG  ]  File ignored by hicexplorer because it exceeded search pattern filesize limit: SRR6728147_2_paired_fastqc.html
[2025-11-11 13:38:18,271] multiqc                                            [DEBUG  ]  File ignored by lima/summary because it exceeded search pattern filesize limit: SRR6728147_2_paired_fastqc.html
[2025-11-11 13:38:18,272] multiqc                                            [DEBUG  ]  File ignored by vep/vep_txt because it exceeded search pattern filesize limit: SRR6728147_2_paired_fastqc.html
[2025-11-11 13:38:18,272] multiqc                                            [DEBUG  ]  File ignored by longranger/invocation because it exceeded search pattern filesize limit: SRR6728147_2_paired_fastqc.html
[2025-11-11 13:38:18,290] multiqc                                            [DEBUG  ]  File ignored by nanostat because it exceeded search pattern filesize limit: SRR6728147_2_paired_fastqc.html
[2025-11-11 13:38:18,294] multiqc                                            [DEBUG  ]  File ignored by ccs/v4 because it exceeded search pattern filesize limit: SRR6728144_1_unpaired_fastqc.html
[2025-11-11 13:38:18,295] multiqc                                            [DEBUG  ]  File ignored by hicexplorer because it exceeded search pattern filesize limit: SRR6728144_1_unpaired_fastqc.html
[2025-11-11 13:38:18,295] multiqc                                            [DEBUG  ]  File ignored by lima/summary because it exceeded search pattern filesize limit: SRR6728144_1_unpaired_fastqc.html
[2025-11-11 13:38:18,296] multiqc                                            [DEBUG  ]  File ignored by vep/vep_txt because it exceeded search pattern filesize limit: SRR6728144_1_unpaired_fastqc.html
[2025-11-11 13:38:18,296] multiqc                                            [DEBUG  ]  File ignored by longranger/invocation because it exceeded search pattern filesize limit: SRR6728144_1_unpaired_fastqc.html
[2025-11-11 13:38:18,314] multiqc                                            [DEBUG  ]  File ignored by nanostat because it exceeded search pattern filesize limit: SRR6728144_1_unpaired_fastqc.html
[2025-11-11 13:38:18,317] multiqc                                            [DEBUG  ]  File ignored by ccs/v4 because it exceeded search pattern filesize limit: SRR6728143_1_paired_fastqc.html
[2025-11-11 13:38:18,318] multiqc                                            [DEBUG  ]  File ignored by hicexplorer because it exceeded search pattern filesize limit: SRR6728143_1_paired_fastqc.html
[2025-11-11 13:38:18,318] multiqc                                            [DEBUG  ]  File ignored by lima/summary because it exceeded search pattern filesize limit: SRR6728143_1_paired_fastqc.html
[2025-11-11 13:38:18,319] multiqc                                            [DEBUG  ]  File ignored by vep/vep_txt because it exceeded search pattern filesize limit: SRR6728143_1_paired_fastqc.html
[2025-11-11 13:38:18,319] multiqc                                            [DEBUG  ]  File ignored by longranger/invocation because it exceeded search pattern filesize limit: SRR6728143_1_paired_fastqc.html
[2025-11-11 13:38:18,336] multiqc                                            [DEBUG  ]  File ignored by nanostat because it exceeded search pattern filesize limit: SRR6728143_1_paired_fastqc.html
[2025-11-11 13:38:18,354] multiqc                                            [DEBUG  ]  File ignored by ccs/v4 because it exceeded search pattern filesize limit: SRR6728145_1_unpaired_fastqc.html
[2025-11-11 13:38:18,355] multiqc                                            [DEBUG  ]  File ignored by hicexplorer because it exceeded search pattern filesize limit: SRR6728145_1_unpaired_fastqc.html
[2025-11-11 13:38:18,355] multiqc                                            [DEBUG  ]  File ignored by lima/summary because it exceeded search pattern filesize limit: SRR6728145_1_unpaired_fastqc.html
[2025-11-11 13:38:18,356] multiqc                                            [DEBUG  ]  File ignored by vep/vep_txt because it exceeded search pattern filesize limit: SRR6728145_1_unpaired_fastqc.html
[2025-11-11 13:38:18,356] multiqc                                            [DEBUG  ]  File ignored by longranger/invocation because it exceeded search pattern filesize limit: SRR6728145_1_unpaired_fastqc.html
[2025-11-11 13:38:18,380] multiqc                                            [DEBUG  ]  File ignored by nanostat because it exceeded search pattern filesize limit: SRR6728145_1_unpaired_fastqc.html
[2025-11-11 13:38:18,384] multiqc                                            [DEBUG  ]  File ignored by ccs/v4 because it exceeded search pattern filesize limit: SRR6728145_2_unpaired_fastqc.html
[2025-11-11 13:38:18,385] multiqc                                            [DEBUG  ]  File ignored by hicexplorer because it exceeded search pattern filesize limit: SRR6728145_2_unpaired_fastqc.html
[2025-11-11 13:38:18,385] multiqc                                            [DEBUG  ]  File ignored by lima/summary because it exceeded search pattern filesize limit: SRR6728145_2_unpaired_fastqc.html
[2025-11-11 13:38:18,386] multiqc                                            [DEBUG  ]  File ignored by vep/vep_txt because it exceeded search pattern filesize limit: SRR6728145_2_unpaired_fastqc.html
[2025-11-11 13:38:18,387] multiqc                                            [DEBUG  ]  File ignored by longranger/invocation because it exceeded search pattern filesize limit: SRR6728145_2_unpaired_fastqc.html
[2025-11-11 13:38:18,406] multiqc                                            [DEBUG  ]  File ignored by nanostat because it exceeded search pattern filesize limit: SRR6728145_2_unpaired_fastqc.html
[2025-11-11 13:38:18,409] multiqc                                            [DEBUG  ]  File ignored by ccs/v4 because it exceeded search pattern filesize limit: SRR6728147_1_unpaired_fastqc.html
[2025-11-11 13:38:18,410] multiqc                                            [DEBUG  ]  File ignored by hicexplorer because it exceeded search pattern filesize limit: SRR6728147_1_unpaired_fastqc.html
[2025-11-11 13:38:18,410] multiqc                                            [DEBUG  ]  File ignored by lima/summary because it exceeded search pattern filesize limit: SRR6728147_1_unpaired_fastqc.html
[2025-11-11 13:38:18,411] multiqc                                            [DEBUG  ]  File ignored by vep/vep_txt because it exceeded search pattern filesize limit: SRR6728147_1_unpaired_fastqc.html
[2025-11-11 13:38:18,411] multiqc                                            [DEBUG  ]  File ignored by longranger/invocation because it exceeded search pattern filesize limit: SRR6728147_1_unpaired_fastqc.html
[2025-11-11 13:38:18,430] multiqc                                            [DEBUG  ]  File ignored by nanostat because it exceeded search pattern filesize limit: SRR6728147_1_unpaired_fastqc.html
[2025-11-11 13:38:19,747] multiqc.plots.linegraph                            [DEBUG  ]  Using matplotlib version 3.10.1
[2025-11-11 13:38:19,753] multiqc.plots.bargraph                             [DEBUG  ]  Using matplotlib version 3.10.1
[2025-11-11 13:38:19,896] multiqc.modules.fastqc.fastqc                      [INFO   ]  Found 24 reports
[2025-11-11 13:38:20,086] multiqc                                            [INFO   ]  Compressing plot data
[2025-11-11 13:38:20,215] multiqc                                            [INFO   ]  Report      : ../../reports/fastqc_trimmed/multiqc_trimmed_report.html
[2025-11-11 13:38:20,215] multiqc                                            [INFO   ]  Data        : ../../reports/fastqc_trimmed/multiqc_trimmed_report_data
[2025-11-11 13:38:20,215] multiqc                                            [DEBUG  ]  Moving data file from '/tmp/tmpjrrxdzkq/multiqc_data' to '../../reports/fastqc_trimmed/multiqc_trimmed_report_data'
[2025-11-11 13:38:20,384] multiqc                                            [INFO   ]  MultiQC complete
